[assembly: System.Reflection.AssemblyMetadata("RepositoryUrl", "https://github.com/aweXpect/aweXpect.Mocks.git")]
[assembly: System.Runtime.Versioning.TargetFramework(".NETStandard,Version=v2.0", FrameworkDisplayName=".NET Standard 2.0")]
namespace aweXpect.Mocks.Events
{
    public class MockRaises<T> : aweXpect.Mocks.IMockRaises
    {
        public MockRaises(aweXpect.Mocks.Setup.MockSetup<T> setup) { }
    }
}
namespace aweXpect.Mocks.Exceptions
{
    public abstract class MockException : System.Exception
    {
        protected MockException(string message) { }
        protected MockException(string message, System.Exception innerException) { }
    }
    public class MockNotSetupException : aweXpect.Mocks.Exceptions.MockException
    {
        public MockNotSetupException(string message) { }
        public MockNotSetupException(string message, System.Exception innerException) { }
    }
}
namespace aweXpect.Mocks
{
    public interface IMock
    {
        aweXpect.Mocks.IMockRaises Raises { get; }
        aweXpect.Mocks.Setup.MethodSetupResult Execute(string methodName, params object?[] parameters);
        aweXpect.Mocks.Setup.MethodSetupResult<TResult> Execute<TResult>(string methodName, params object?[] parameters);
        TResult Get<TResult>(string propertyName);
        void Set(string propertyName, object? value);
    }
    public interface IMockRaises
    {
        void AddEvent(string name, object? target, System.Reflection.MethodInfo method);
        void Raises(string eventName, params object?[] parameters);
        void RemoveEvent(string name, object? target, System.Reflection.MethodInfo method);
    }
    public class MockBehavior : System.IEquatable<aweXpect.Mocks.MockBehavior>
    {
        public MockBehavior() { }
        public aweXpect.Mocks.MockBehavior.IDefaultValueGenerator DefaultValueGenerator { get; init; }
        public bool ThrowWhenNotSetup { get; init; }
        public static aweXpect.Mocks.MockBehavior Default { get; }
        public interface IDefaultValueGenerator
        {
            T Generate<T>();
        }
    }
    public abstract class Mock<T> : aweXpect.Mocks.IMock
    {
        protected Mock(aweXpect.Mocks.MockBehavior behavior) { }
        public aweXpect.Mocks.MockBehavior Behavior { get; }
        public aweXpect.Mocks.Invocations.MockInvocations<T> Invoked { get; }
        public abstract T Object { get; }
        public aweXpect.Mocks.Events.MockRaises<T> Raises { get; }
        public aweXpect.Mocks.Setup.MockSetup<T> Setup { get; }
        public static T op_Implicit(aweXpect.Mocks.Mock<T> mock) { }
    }
    public static class With
    {
        public static aweXpect.Mocks.With.Parameter<T> Any<T>() { }
        public static aweXpect.Mocks.With.InvocationOutParameter<T> Out<T>() { }
        public static aweXpect.Mocks.With.OutParameter<T> Out<T>(System.Func<T> setter) { }
        public static aweXpect.Mocks.With.InvocationRefParameter<T> Ref<T>() { }
        public static aweXpect.Mocks.With.RefParameter<T> Ref<T>(System.Func<T, T> setter) { }
        public static aweXpect.Mocks.With.RefParameter<T> Ref<T>(System.Func<T, bool> predicate, System.Func<T, T> setter) { }
        public class InvocationOutParameter<T> : aweXpect.Mocks.With.Parameter
        {
            public InvocationOutParameter() { }
            public override bool Matches(object? value) { }
        }
        public class InvocationRefParameter<T> : aweXpect.Mocks.With.Parameter
        {
            public InvocationRefParameter() { }
            public override bool Matches(object? value) { }
        }
        public class NamedParameter : System.IEquatable<aweXpect.Mocks.With.NamedParameter>
        {
            public NamedParameter(string Name, aweXpect.Mocks.With.Parameter Parameter) { }
            public string Name { get; init; }
            public aweXpect.Mocks.With.Parameter Parameter { get; init; }
        }
        public class OutParameter<T> : aweXpect.Mocks.With.Parameter
        {
            public OutParameter(System.Func<T> setter) { }
            public override bool Matches(object? value) { }
        }
        public abstract class Parameter
        {
            protected Parameter() { }
            public abstract bool Matches(object? value);
        }
        public abstract class Parameter<T> : aweXpect.Mocks.With.Parameter
        {
            protected Parameter() { }
            protected abstract bool Matches(T value);
            public override bool Matches(object? value) { }
            public static aweXpect.Mocks.With.Parameter<T> op_Implicit(T value) { }
        }
        public class RefParameter<T> : aweXpect.Mocks.With.Parameter
        {
            public RefParameter(System.Func<T, bool> predicate, System.Func<T, T> setter) { }
            public override bool Matches(object? value) { }
        }
    }
    public static class With<T>
    {
        public static aweXpect.Mocks.With.Parameter<T> Matching(System.Func<T, bool> predicate) { }
    }
}
namespace aweXpect.Mocks.Invocations
{
    public interface IMockInvocations
    {
        aweXpect.Mocks.Invocations.Invocation[] Method(string methodName, params aweXpect.Mocks.With.Parameter[] parameters);
        aweXpect.Mocks.Invocations.Invocation[] PropertyGetter(string propertyName);
        aweXpect.Mocks.Invocations.Invocation[] PropertySetter(string propertyName, aweXpect.Mocks.With.Parameter value);
    }
    public class Invocation
    {
        public Invocation() { }
    }
    public class InvocationResult
    {
        public InvocationResult(aweXpect.Mocks.Invocations.Invocation[] invocations) { }
        public aweXpect.Mocks.Invocations.Invocation[] Invocations { get; }
        public class Property<T>
        {
            public Property(aweXpect.Mocks.Invocations.IMockInvocations mockInvocations, string propertyName) { }
            public aweXpect.Mocks.Invocations.InvocationResult Getter() { }
            public aweXpect.Mocks.Invocations.InvocationResult Setter(aweXpect.Mocks.With.Parameter<T> value) { }
        }
    }
    public class MethodInvocation : aweXpect.Mocks.Invocations.Invocation
    {
        public MethodInvocation(string name, object?[] parameters) { }
        public string Name { get; }
        public object?[] Parameters { get; }
    }
    public class MockInvocations<T> : aweXpect.Mocks.Invocations.IMockInvocations
    {
        public MockInvocations() { }
        public System.Collections.Generic.IReadOnlyList<aweXpect.Mocks.Invocations.Invocation> Invocations { get; }
    }
    public class PropertyGetterInvocation : aweXpect.Mocks.Invocations.Invocation
    {
        public PropertyGetterInvocation(string propertyName) { }
        public string Name { get; }
    }
    public class PropertySetterInvocation : aweXpect.Mocks.Invocations.Invocation
    {
        public PropertySetterInvocation(string propertyName, object? value) { }
        public string Name { get; }
        public object? Value { get; }
    }
}
namespace aweXpect.Mocks.Setup
{
    public interface IMethodSetup
    {
        int InvocationCount { get; }
        bool Matches(aweXpect.Mocks.Invocations.Invocation invocation);
    }
    public interface IMockSetup
    {
        void RegisterMethod(aweXpect.Mocks.Setup.MethodSetup methodSetup);
        void RegisterProperty(string propertyName, aweXpect.Mocks.Setup.PropertySetup propertySetup);
    }
    public abstract class MethodSetup : aweXpect.Mocks.Setup.IMethodSetup
    {
        protected MethodSetup() { }
        protected abstract void ExecuteCallback(aweXpect.Mocks.Invocations.Invocation invocation);
        protected abstract TResult GetReturnValue<TResult>(aweXpect.Mocks.Invocations.Invocation invocation, aweXpect.Mocks.MockBehavior behavior);
        protected abstract bool IsMatch(aweXpect.Mocks.Invocations.Invocation invocation);
        protected abstract T SetOutParameter<T>(string parameterName, aweXpect.Mocks.MockBehavior behavior);
        protected abstract T SetRefParameter<T>(string parameterName, aweXpect.Mocks.MockBehavior behavior, T value);
    }
    public class MethodSetupResult
    {
        public MethodSetupResult(aweXpect.Mocks.Setup.MethodSetup? setup, aweXpect.Mocks.MockBehavior behavior) { }
        public T SetOutParameter<T>(string parameterName) { }
        public T SetRefParameter<T>(string parameterName, T value) { }
    }
    public class MethodSetupResult<TResult> : aweXpect.Mocks.Setup.MethodSetupResult
    {
        public MethodSetupResult(aweXpect.Mocks.Setup.MethodSetup? setup, aweXpect.Mocks.MockBehavior behavior, TResult result) { }
        public TResult Result { get; }
    }
    public class MethodWithReturnValueSetup<TReturn> : aweXpect.Mocks.Setup.MethodSetup
    {
        public MethodWithReturnValueSetup(string name) { }
        public aweXpect.Mocks.Setup.MethodWithReturnValueSetup<TReturn> Callback(System.Action callback) { }
        protected override void ExecuteCallback(aweXpect.Mocks.Invocations.Invocation invocation) { }
        protected override TResult GetReturnValue<TResult>(aweXpect.Mocks.Invocations.Invocation invocation, aweXpect.Mocks.MockBehavior behavior) { }
        protected override bool IsMatch(aweXpect.Mocks.Invocations.Invocation invocation) { }
        public aweXpect.Mocks.Setup.MethodWithReturnValueSetup<TReturn> Returns(System.Func<TReturn> callback) { }
        public aweXpect.Mocks.Setup.MethodWithReturnValueSetup<TReturn> Returns(TReturn returnValue) { }
        protected override T SetOutParameter<T>(string parameterName, aweXpect.Mocks.MockBehavior behavior) { }
        protected override T SetRefParameter<T>(string parameterName, aweXpect.Mocks.MockBehavior behavior, T value) { }
    }
    public class MethodWithReturnValueSetup<TReturn, T1> : aweXpect.Mocks.Setup.MethodSetup
    {
        public MethodWithReturnValueSetup(string name, aweXpect.Mocks.With.NamedParameter match1) { }
        public aweXpect.Mocks.Setup.MethodWithReturnValueSetup<TReturn, T1> Callback(System.Action callback) { }
        public aweXpect.Mocks.Setup.MethodWithReturnValueSetup<TReturn, T1> Callback(System.Action<T1> callback) { }
        protected override void ExecuteCallback(aweXpect.Mocks.Invocations.Invocation invocation) { }
        protected override TResult GetReturnValue<TResult>(aweXpect.Mocks.Invocations.Invocation invocation, aweXpect.Mocks.MockBehavior behavior) { }
        protected override bool IsMatch(aweXpect.Mocks.Invocations.Invocation invocation) { }
        public aweXpect.Mocks.Setup.MethodWithReturnValueSetup<TReturn, T1> Returns(System.Func<TReturn> callback) { }
        public aweXpect.Mocks.Setup.MethodWithReturnValueSetup<TReturn, T1> Returns(System.Func<T1, TReturn> callback) { }
        public aweXpect.Mocks.Setup.MethodWithReturnValueSetup<TReturn, T1> Returns(TReturn returnValue) { }
        protected override T SetOutParameter<T>(string parameterName, aweXpect.Mocks.MockBehavior behavior) { }
        protected override T SetRefParameter<T>(string parameterName, aweXpect.Mocks.MockBehavior behavior, T value) { }
    }
    public class MethodWithReturnValueSetup<TReturn, T1, T2> : aweXpect.Mocks.Setup.MethodSetup
    {
        public MethodWithReturnValueSetup(string name, aweXpect.Mocks.With.NamedParameter match1, aweXpect.Mocks.With.NamedParameter match2) { }
        public aweXpect.Mocks.Setup.MethodWithReturnValueSetup<TReturn, T1, T2> Callback(System.Action callback) { }
        public aweXpect.Mocks.Setup.MethodWithReturnValueSetup<TReturn, T1, T2> Callback(System.Action<T1, T2> callback) { }
        protected override void ExecuteCallback(aweXpect.Mocks.Invocations.Invocation invocation) { }
        protected override TResult GetReturnValue<TResult>(aweXpect.Mocks.Invocations.Invocation invocation, aweXpect.Mocks.MockBehavior behavior) { }
        protected override bool IsMatch(aweXpect.Mocks.Invocations.Invocation invocation) { }
        public aweXpect.Mocks.Setup.MethodWithReturnValueSetup<TReturn, T1, T2> Returns(System.Func<TReturn> callback) { }
        public aweXpect.Mocks.Setup.MethodWithReturnValueSetup<TReturn, T1, T2> Returns(System.Func<T1, T2, TReturn> callback) { }
        public aweXpect.Mocks.Setup.MethodWithReturnValueSetup<TReturn, T1, T2> Returns(TReturn returnValue) { }
        protected override T SetOutParameter<T>(string parameterName, aweXpect.Mocks.MockBehavior behavior) { }
        protected override T SetRefParameter<T>(string parameterName, aweXpect.Mocks.MockBehavior behavior, T value) { }
    }
    public class MethodWithoutReturnValueSetup : aweXpect.Mocks.Setup.MethodSetup
    {
        public MethodWithoutReturnValueSetup(string name) { }
        public aweXpect.Mocks.Setup.MethodWithoutReturnValueSetup Callback(System.Action callback) { }
        protected override void ExecuteCallback(aweXpect.Mocks.Invocations.Invocation invocation) { }
        protected override TResult GetReturnValue<TResult>(aweXpect.Mocks.Invocations.Invocation invocation, aweXpect.Mocks.MockBehavior behavior) { }
        protected override bool IsMatch(aweXpect.Mocks.Invocations.Invocation invocation) { }
        protected override T SetOutParameter<T>(string parameterName, aweXpect.Mocks.MockBehavior behavior) { }
        protected override T SetRefParameter<T>(string parameterName, aweXpect.Mocks.MockBehavior behavior, T value) { }
    }
    public class MethodWithoutReturnValueSetup<T1> : aweXpect.Mocks.Setup.MethodSetup
    {
        public MethodWithoutReturnValueSetup(string name, aweXpect.Mocks.With.NamedParameter match1) { }
        public aweXpect.Mocks.Setup.MethodWithoutReturnValueSetup<T1> Callback(System.Action callback) { }
        public aweXpect.Mocks.Setup.MethodWithoutReturnValueSetup<T1> Callback(System.Action<T1> callback) { }
        protected override void ExecuteCallback(aweXpect.Mocks.Invocations.Invocation invocation) { }
        protected override TResult GetReturnValue<TResult>(aweXpect.Mocks.Invocations.Invocation invocation, aweXpect.Mocks.MockBehavior behavior) { }
        protected override bool IsMatch(aweXpect.Mocks.Invocations.Invocation invocation) { }
        protected override T SetOutParameter<T>(string parameterName, aweXpect.Mocks.MockBehavior behavior) { }
        protected override T SetRefParameter<T>(string parameterName, aweXpect.Mocks.MockBehavior behavior, T value) { }
    }
    public class MethodWithoutReturnValueSetup<T1, T2> : aweXpect.Mocks.Setup.MethodSetup
    {
        public MethodWithoutReturnValueSetup(string name, aweXpect.Mocks.With.NamedParameter match1, aweXpect.Mocks.With.NamedParameter match2) { }
        public aweXpect.Mocks.Setup.MethodWithoutReturnValueSetup<T1, T2> Callback(System.Action callback) { }
        public aweXpect.Mocks.Setup.MethodWithoutReturnValueSetup<T1, T2> Callback(System.Action<T1, T2> callback) { }
        protected override void ExecuteCallback(aweXpect.Mocks.Invocations.Invocation invocation) { }
        protected override TResult GetReturnValue<TResult>(aweXpect.Mocks.Invocations.Invocation invocation, aweXpect.Mocks.MockBehavior behavior) { }
        protected override bool IsMatch(aweXpect.Mocks.Invocations.Invocation invocation) { }
        protected override T SetOutParameter<T>(string parameterName, aweXpect.Mocks.MockBehavior behavior) { }
        protected override T SetRefParameter<T>(string parameterName, aweXpect.Mocks.MockBehavior behavior, T value) { }
    }
    public class MockSetup<T> : aweXpect.Mocks.Setup.IMockSetup
    {
        public MockSetup(aweXpect.Mocks.Mock<T> mock) { }
    }
    public abstract class PropertySetup
    {
        protected PropertySetup() { }
        public int GetterInvocationCount { get; }
        public int SetterInvocationCount { get; }
        protected abstract TResult InvokeGetter<TResult>();
        protected abstract void InvokeSetter(object? value);
    }
    public class PropertySetup<T> : aweXpect.Mocks.Setup.PropertySetup
    {
        public PropertySetup() { }
        public aweXpect.Mocks.Setup.PropertySetup<T> InitializeWith(T value) { }
        protected override TResult InvokeGetter<TResult>() { }
        protected override void InvokeSetter(object? value) { }
        public aweXpect.Mocks.Setup.PropertySetup<T> OnGet(System.Action callback) { }
        public aweXpect.Mocks.Setup.PropertySetup<T> OnSet(System.Action<T> callback) { }
    }
}